>hmgl_trybr
KKDSNAPKRAMTSFMFFSSDFRS----KHSDLS-IVEMSKAAGAAWKELGPEERKVYEEM
AEKDKERYKREM----------------
>hmgt_mouse
-----KPKRPRSAYNIYVSESFQEAKDDSAQGK-----LKLVNEAWKNLSPEEKQAYIQL
AKDDRIRYDNEMKSWEEQMAE-------
>hmgb_chite
---ADKPKRPLSAYMLWLNSARESIKRENPDFK-VTEVAKKGGELWRGL--KDKSEWEAK
AATAKQNYIRALQEYER----NGG----
>hmgl_wheat
--DPNKPKRAPSAFFVFMGEFREEFKQKNPKNKSVAAVGKAAGERWKSLSESEKAPYVAK
ANKLKGEYNKAIAAYNK-------GESA
