>hmgl_trybr
KKDSNAPKRAMTSFMFFSSDFRSKH----SDLS-IVEMSKAAGAAWKELGPEERKVYEEM
AEKDKERYKREM---------
>hmgt_mouse
-----KPKRPRSAYNIYVSESFQEAKDDSAQGK-----LKLVNEAWKNLSPEEKQAYIQL
AKDDRIRYDNEMKSWEEQMAE
>hmgb_chite
---ADKPKRPLSAYMLWLNSARESIKRENPDFK-VTEVAKKGGELWRGL--KDKSEWEAK
AATAKQNYIRALQEYERNGG-
>hmgl_wheat
--DPNKPKRAPSAFFVFMGEFREEFKQKNPKNKSVAAVGKAAGERWKSLSESEKAPYVAK
ANKLKGEYNKAIAAYNKGESA
