>hmgl_trybr
KK-DSNA---PKRAMT----S--FM-------F-FSSDF-R---S--------KHS----
---DL-----------SIV--EMSK-AA-G-AA---WKE---LG-----------PE--E
R-KV-----YEEM----AEKD----K---ERYK----R---E---------------M--
---
>hmgt_mouse
---------KPKR----PR-SAY-----NIYV----S------ES-FQ-EA--K--D---
---D-SAQGKL-KL----VN-E----------A---WK-N--L-----------SPE--E
--K-QA---Y---IQL-A-KDD--------R-----IR-----YD--NEM-KSWEEQM--
-AE
>hmgb_chite
--AD-----KPKR----P-LSAY-MLWLN-------S--AR--ESI-------K---RE-
-NPD-------FK-----V-TE---V------A----K--K--GGELWRGLKDKS-EW-E
-AK--AAT---------A-K--Q-N------Y----IRALQE-Y-ERN--G-------G-
---
>hmgl_wheat
---D---PNKPKR---AP--SA-F--------FVF------MGE--F-RE-EFK-----Q
KNP---------K-NKS-V-------AAVGKAAGERWK---SL-----------S-E-SE
--K--A--PY------VA-K---ANKLKGE-Y-NKAI-A---AY---N---K------GE
SA-
