>rk1_cyapa
EEQLYEPLEAI-QLLKQISTAKFIETVEVHCRLGIDPKYN--------------------
----------------------------DQQLRATVT-----------------------
-----------------------------KAGKLEFRNDRTGIVHVLFGKANFSEEALLG
NLKAVQEAVDRNRPSGVKGKYWKSIYITSTMSPSIEVDLPNGTGQTLRVAVITRGEKINE
ASTAG-ADLVGAEELIDEIQNGRLDFDCLIATPDMMPQVAKLGRVLGPRGLMPSPKGGTV
TFDLAQAINDF
>rl1_halvo
-------VDAVSRALDEAPGRNFRETVDLAVNLR-DLDLNDPSKRVDESIVADETDFFVA
EAGLMQDIGRYLGTVLGPRGKMPTPLQPDDDVVETVNRM---------------------
-----------------------------KNTVQLRSRDRRT-FHTRVGADDMTPDEIAE
NIDVIVRRLEATLEKGPL--NIDSVYVKTTMGPSVEV-LPSGTGQDTQIVVFATGETA--
AEDAA-DEVLGPDE-LEDFGDDT----------------DAAKDL---------------
-----------
>rl1_metja
----------VKEARELAKPRNFTQSFEFIATLK-EIDMRKPENRIKTEVVAKAHDFFIA
QADLMPLIGRYMGVILGPRGKMPKPVPANANIKPLVERL---------------------
-----------------------------KKTVVINTRDKPY-FQVLVGNEKMTDEQIVD
NIEAVLNVVAKKYEKG--------------------L-LPHGRGKEAKIAVIGTGDLAKQ
AEELG-LTVIRKEE-IEELGKNK----------------RKLRKIY-------HIKDAYV
KLTMGPAVKVK
>rl1_sulso
---------------------------------------------------AIQNEWFLI
NQESMALAGRILGPALGPRGKFPTPLPNTADISEYINRFDKESLIEALKLALSTEYNVKR
NFTQSVEIILTFKGIDMKKGDLKLREIVPKRSVIVKTKDQPQ-VQVFIGTEDMKPEDLAE
NAIAVLNAIENK-AKV--------------------E-LPKQPSKAKRVLVVPSSEQLEY
AKKASPKVVITREE-LQKLQGQK----------------RPVKKLT-------NLRNIYV
KTTMGKAVKVK
