>1thx
-AEQPVLVYFWASWCGPCQLMSPLINLAANTYSDRLKVVKLEI-------DPNPTTVKKY
KVEGVPALRLVKGEQILD---STEGVISKDKLLS----FLDTHLN--------
>1grx
----MQTVIFGRSGCPYSVRAKDLAEKLSNERDDFQ-YQYVDIRAEGITKEDLQQKAGK-
PVETVP--QIFVDQQHIGGYTDFAAW-VKENLDA-------------------
>1erv
AGDKLVVVDFSATWCGPCKMIKPFFHSLSEKYSNVI-FLEVDV-------DDCQDVASEC
EVKSMPTFQFFKKGQKVG---EFSGA-NKEKLEA----TINELV---------
>2trcP
-KVTTIVVNIYEDGVRGCDALNSSLECLAAEYPMVK-FCKIRA-------SN-TGAGDRF
SSDVLPTLLVYKGGELIS---NFISV-AEQFAEDFFAADVESFLNEYGLLPER
