>1thx
A-EQPVLVYFWASWCGPCQLMSPLINLAANTYSDRLKVVKLEIDPNPTTVKKYKVEGVPA
LRLVKGEQILDSTEGV---ISKDKLLSFLDTHLN--------
>1grx
M-Q---TVIFGRSGCPYSVRAKDLAEKLSNERDDFQ-YQYVDI--RAEGITKEDLQQKAG
KPVETVPQIFVDQQHI---GGYTDFAAWVKENLD-------A
>1erv
AGDKLVVVDFSATWCGPCKMIKPFFHSLSEKYSNVI-FLEVDVDDCQDVASECEVKSMPT
FQFFKKGQKVGEFSGA----NKEKLEATIN-ELV--------
>2trcP
K-VTTIVVNIYEDGVRGCDALNSSLECLAAEYPMVK-FCKIRAS-NTGAGDRFSSDVLPT
LLVYKGGELISNFISVAEQFAEDFFAADVESFLNEYGLLPER
