>1thx
A-EQPVLVYFWASWCGPCQLMSPLINLAANTYSDRLKVVKLEID-------PNPTTVKKY
KVEGVPALRLVKGEQILDSTEGV---ISKDKLLSFLDTHLN--------
>1grx
M-Q---TVIFGRSGCPYSVRAKDLAEKLSNERDD-FQYQYVDIRAEGITKEDLQQKAGK-
PVETVPQI--FVDQQHIG----G----YTD-FAAWVKENLD----A---
>1erv
AGDKLVVVDFSATWCGPCKMIKPFFHSLSEKYSN-VIFLEVDVD-------DCQDVASEC
EVKSMPTFQFFKKGQKVGEFSGA----NKEKL----EATINE--LV---
>2trcP
K-VTTIVVNIYEDGVRGCDALNSSLECLAAEYPM-VKFCKIRAS-------N-TGAGDRF
SSDVLPTLLVYKGGELISNFISVAEQFAEDFFAADVESFLNEYGLLPER
