>gi|9626553|ref|NC_001454.1| Human adenovirus F, firsU 280 base pairs
CAUCAUCAAUAAUAUACCUUAAAACUGGAAACGAGCCAAUAUGAUAAUGAGGGAGGAGGG
ACUAGGGGUGGUGUAAGGUGACGUAGAGGCGGGCGGGGUGGGAAAGGGUGGAGGCGGAUG
ACGU-GUGGGGUCGGAGGACGGGCG-------CGGUGCGGCGG-----------------
----------AAGUGACG-------------------------------GAAAAUCU---
-GGUGUAUUGGGCGG--GUUUUUGUAACU--------------------UUUGGCCAUUU
UGGCGCGAAAACUGAGUAAUGAGGACGUGGGACGAACUUUGGACUUUUGUGUUUAUGGAG
GAAAAACUGCUGAUUAUUACUGAACUUUGGCCCAUGACGAACCGGUUUUUCUACGUGGCA
GUGCCACGAGACGGCUCAAAGU
>gi|9626158|ref|NC_001405.1| Human adenovirus C, firsU 280 base pairs
CAUCAUC-AUAAUAUACCUU-AUUUUGGAUUGAAGCCAAUAUGAUAAUGAG---------
----GGGGUGGAGU-UUGUGACGU---GGCGCGGGGCGUGGGAACGG-----GGCGGGUG
ACGUAGUAGUGU-GGCGGAAGUGUGAUGUUGCAAGUGUGGCGGAACACAUGUAAGCGCCG
GAUGUGGUAAAAGUGACGUUUUUGGUGUGCGCCGGUGUAUACGGGAAGUGACAAUUUUCG
CGCGGUUUUAGGCGGAUGUUGUAGUAAAUUUGGGCGUAACCAAGUAAUGUUUGGCCAUUU
UCGCGGGAAAACUGAAUAA-GAGGAAGU-----GAAAUCUG-------------------
--AAUAAUUCUG--UGUUACUCA----UAGCGCGUAA------UAUUUGUCUAG------
----------------------
