
Processing reads...

reads processed: 44
Read statistics
===============
Reads processed:	44
  Reads dropped:	3	(6.82%)
    Due to quality:	3	(100%)
File statistics
===============
File 1:
-------
  Surviving: 41/44 (93.2%)

