Intervals to find:              974
Intervals found:                974
Intervals found [%]             100
Invalid alignments:             0
Additional Hits:                0

Number of reads:                937
Number of reads with intervals: 937

Mapped reads:                   937
Mapped reads [% of total]:      100
Mapped reads [% of mappable]:   100

Normalized intervals found:     937
Normalized intervals found [%]: 100

Found Intervals By Error Rate

  ERR	    #max	  #found	  %found	norm max	norm found	norm found [%]
------------------------------------------------------------------------------------------------------
    0	     740	     740	  100.00	  720.00	    720.00	    100.00
    1	       0	       0	    0.00	    0.00	      0.00	      0.00
    2	       0	       0	    0.00	    0.00	      0.00	      0.00
    3	     196	     196	  100.00	  181.00	    181.00	    100.00
    4	       0	       0	    0.00	    0.00	      0.00	      0.00
    5	       0	       0	    0.00	    0.00	      0.00	      0.00
    6	      38	      38	  100.00	   36.00	     36.00	    100.00
    7	       0	       0	    0.00	    0.00	      0.00	      0.00
    8	       0	       0	    0.00	    0.00	      0.00	      0.00

