Intervals to find:              974
Intervals found:                937
Intervals found [%]             96.2012
Invalid alignments:             0
Additional Hits:                0

Number of reads:                937
Number of reads with intervals: 937

Mapped reads:                   902
Mapped reads [% of total]:      96.2647
Mapped reads [% of mappable]:   96.2647

Normalized intervals found:     902
Normalized intervals found [%]: 96.2647

Found Intervals By Error Rate

  ERR	    #max	  #found	  %found	norm max	norm found	norm found [%]
------------------------------------------------------------------------------------------------------
    0	     740	     740	  100.00	  720.00	    720.00	    100.00
    1	       0	       0	    0.00	    0.00	      0.00	      0.00
    2	       0	       0	    0.00	    0.00	      0.00	      0.00
    3	     196	     196	  100.00	  181.00	    181.00	    100.00
    4	       0	       0	    0.00	    0.00	      0.00	      0.00
    5	       0	       0	    0.00	    0.00	      0.00	      0.00
    6	      38	       1	    2.63	   36.00	      1.00	      2.78
    7	       0	       0	    0.00	    0.00	      0.00	      0.00
    8	       0	       0	    0.00	    0.00	      0.00	      0.00

