ROI INTERSECT
=============

__OPTIONS____________________________________________________________________

VERBOSITY 	1

INPUT ROI       	small.roi
INPUT BED       	small.bed
OUTPUT ROI      	out_small_bed_mdifference_ss.roi

COMBINATION MODE	difference

GFF TYPE        	
GFF GROUP BY    	

__OPENING FILES______________________________________________________________

INPUT INTERVALS 	small.bed ... OK
INPUT ROI 	small.roi ... OK
OUTPUT ROI	out_small_bed_mdifference_ss.roi ... OK

__PROCESSING FILES___________________________________________________________

STREAMING ... OK

DONE.
