ROI INTERSECT
=============

__OPTIONS____________________________________________________________________

VERBOSITY 	1

INPUT ROI       	small.roi
INPUT BED       	small.gff
OUTPUT ROI      	out_small_gff_mintersection_ss.roi

COMBINATION MODE	intersection

GFF TYPE        	
GFF GROUP BY    	

__OPENING FILES______________________________________________________________

INPUT INTERVALS 	small.gff ... OK
INPUT ROI 	small.roi ... OK
OUTPUT ROI	out_small_gff_mintersection_ss.roi ... OK

__PROCESSING FILES___________________________________________________________

STREAMING ... OK

DONE.
