ROI INTERSECT
=============

__OPTIONS____________________________________________________________________

VERBOSITY 	1

INPUT ROI       	small.roi
INPUT BED       	small.gtf
OUTPUT ROI      	out_small_gtf_munion_ss.roi

COMBINATION MODE	union

GFF TYPE        	
GFF GROUP BY    	

__OPENING FILES______________________________________________________________

INPUT INTERVALS 	small.gtf ... OK
INPUT ROI 	small.roi ... OK
OUTPUT ROI	out_small_gtf_munion_ss.roi ... OK

__PROCESSING FILES___________________________________________________________

STREAMING ... OK

DONE.
