MASON METHYLATION SIMULATION
============================

MASON METHYLATION OPTIONS
-------------------------

VERBOSITY          	NORMAL

SEED               	33

FASTA IN FILE      	random.fasta
METH FASTA OUT FILE	random_meth1.fasta

METHYLATION LEVELS OPTIONS
  VERBOSITY      	NORMAL

  ENABLED	YES

  MEDIAN CG	0.6
  STDDEV CG	0.03
  MEDIAN CHG	0.08
  STDDEV CHG	0.008
  MEDIAN CHH	0.05
  STDDEV CHH	0.005


__PREPARATION_________________________________________________________________

Loading Reference Index random.fasta ... OK (2 seqs)
Opening output File random_meth1.fasta ... OK

__SIMULATION__________________________________________________________________

Simulating for 1 ... OK
Simulating for 2 ... OK

Done with methylation simulation.
