Opening input reads.illumina.fq
Opening output reads.illumina.corrected.i2.fa
Wrote 300 sequences
