Opening input reads.454.fq
Opening output reads.454.corrected.i2.fa
Wrote 300 sequences
