gi|9632547|ref|NC_002077.1|	razers	read	4107	4207	98	-	.	ID=adeno-reads100.fasta.000000012;multi;pairScore=94;cigar=2M1D78M20M;mutations=45G
gi|9632547|ref|NC_002077.1|	razers	read	4107	4207	98	-	.	ID=adeno-reads100.fasta.000000012;multi;pairScore=94;cigar=2M1D78M20M;mutations=45G
gi|9632547|ref|NC_002077.1|	razers	read	2552	2652	100	-	.	ID=adeno-reads100.fasta.000000017;unique;pairScore=98;split;cigar=38M1D62M
gi|9632547|ref|NC_002077.1|	razers	read	1118	1216	99	-	.	ID=adeno-reads100.fasta.000000038;unique;pairScore=96;cigar=80M14M1I5M;mutations=95T
gi|9632547|ref|NC_002077.1|	razers	read	1022	1122	100	-	.	ID=adeno-reads100.fasta.000000049;unique;pairScore=98;split;cigar=31M1D69M
gi|9632547|ref|NC_002077.1|	razers	read	1314	1416	100	-	.	ID=adeno-reads100.fasta.000000054;unique;pairScore=98;split;cigar=33M3D67M
gi|9632547|ref|NC_002077.1|	razers	read	4226	4324	98	-	.	ID=adeno-reads100.fasta.000000055;unique;pairScore=94;cigar=80M12M1I7M;mutations=73A,93N
gi|9632547|ref|NC_002077.1|	razers	read	2144	2242	100	-	.	ID=adeno-reads100.fasta.000000057;unique;pairScore=97;split;cigar=59M1I40M;mutations=60T
gi|9632547|ref|NC_002077.1|	razers	read	4398	4496	98.9899	-	.	ID=adeno-reads100.fasta.000000078;unique;pairScore=95;split;cigar=20M1I79M;mutations=20T,21A
gi|9632547|ref|NC_002077.1|	razers	read	1393	1493	99	-	.	ID=adeno-reads100.fasta.000000085;unique;pairScore=96;cigar=80M18M1D2M
gi|9632547|ref|NC_002077.1|	razers	read	1388	1486	99	-	.	ID=adeno-reads100.fasta.000000128;multi;pairScore=96;cigar=80M16M1I3M;mutations=97T
gi|9632547|ref|NC_002077.1|	razers	read	1388	1486	99	-	.	ID=adeno-reads100.fasta.000000128;multi;pairScore=96;cigar=80M16M1I3M;mutations=97T
gi|9632547|ref|NC_002077.1|	razers	read	1388	1486	99	-	.	ID=adeno-reads100.fasta.000000128;multi;pairScore=96;cigar=80M16M1I3M;mutations=97T
gi|9632547|ref|NC_002077.1|	razers	read	1388	1486	99	-	.	ID=adeno-reads100.fasta.000000128;multi;pairScore=96;cigar=80M16M1I3M;mutations=97T
gi|9632547|ref|NC_002077.1|	razers	read	692	792	100	-	.	ID=adeno-reads100.fasta.000000133;unique;pairScore=98;split;cigar=37M1D63M
gi|9632547|ref|NC_002077.1|	razers	read	1393	1491	100	-	.	ID=adeno-reads100.fasta.000000151;unique;pairScore=97;split;cigar=71M1I28M;mutations=72T
gi|9632547|ref|NC_002077.1|	razers	read	3348	3448	100	-	.	ID=adeno-reads100.fasta.000000164;unique;pairScore=98;split;cigar=36M1D64M
gi|9632547|ref|NC_002077.1|	razers	read	1606	1704	97.9798	-	.	ID=adeno-reads100.fasta.000000165;unique;pairScore=93;split;cigar=44M1I55M;mutations=2T,45N,68C
gi|9632547|ref|NC_002077.1|	razers	read	419	519	99	-	.	ID=adeno-reads100.fasta.000000171;unique;pairScore=96;split;cigar=54M1D46M;mutations=77A
gi|9632547|ref|NC_002077.1|	razers	read	678	776	100	-	.	ID=adeno-reads100.fasta.000000182;unique;pairScore=97;split;cigar=53M1I46M;mutations=54G
gi|9632547|ref|NC_002077.1|	razers	read	4497	4597	100	-	.	ID=adeno-reads100.fasta.000000186;unique;pairScore=98;split;cigar=31M1D69M
gi|9632547|ref|NC_002077.1|	razers	read	1790	1890	100	-	.	ID=adeno-reads100.fasta.000000200;unique;pairScore=98;split;cigar=23M1D77M
gi|9632547|ref|NC_002077.1|	razers	read	1331	1432	99	-	.	ID=adeno-reads100.fasta.000000208;unique;pairScore=96;split;cigar=49M3D44M1I6M;mutations=94C
gi|9632547|ref|NC_002077.1|	razers	read	3682	3782	100	-	.	ID=adeno-reads100.fasta.000000223;unique;pairScore=98;split;cigar=30M1D70M
gi|9632547|ref|NC_002077.1|	razers	read	1342	1444	98	-	.	ID=adeno-reads100.fasta.000000238;unique;pairScore=94;split;cigar=61M3D39M;mutations=19N,70C
gi|9632547|ref|NC_002077.1|	razers	read	2421	2519	98	-	.	ID=adeno-reads100.fasta.000000242;unique;pairScore=94;cigar=15M1I64M20M;mutations=16N,85A
gi|9632547|ref|NC_002077.1|	razers	read	3191	3291	98	-	.	ID=adeno-reads100.fasta.000000254;unique;pairScore=94;split;cigar=36M1D64M;mutations=41G,43A
gi|9632547|ref|NC_002077.1|	razers	read	1328	1431	99	-	.	ID=adeno-reads100.fasta.000000256;unique;pairScore=96;split;cigar=48M3D20M1D32M
gi|9632547|ref|NC_002077.1|	razers	read	3413	3511	98.9899	-	.	ID=adeno-reads100.fasta.000000270;unique;pairScore=95;split;cigar=41M1I58M;mutations=17G,42C
gi|9632547|ref|NC_002077.1|	razers	read	3775	3875	100	-	.	ID=adeno-reads100.fasta.000000273;unique;pairScore=98;split;cigar=21M1D79M
gi|9632547|ref|NC_002077.1|	razers	read	2740	2838	99	-	.	ID=adeno-reads100.fasta.000000292;unique;pairScore=96;cigar=15M1I64M20M;mutations=16T
gi|9632547|ref|NC_002077.1|	razers	read	4311	4411	99	-	.	ID=adeno-reads100.fasta.000000297;unique;pairScore=96;split;cigar=55M1D45M;mutations=4N
gi|9632547|ref|NC_002077.1|	razers	read	3848	3948	99	-	.	ID=adeno-reads100.fasta.000000301;unique;pairScore=96;cigar=3M1D77M20M
gi|9632547|ref|NC_002077.1|	razers	read	3302	3402	99	-	.	ID=adeno-reads100.fasta.000000304;unique;pairScore=96;split;cigar=36M1D64M;mutations=52A
gi|9632547|ref|NC_002077.1|	razers	read	1337	1441	98	-	.	ID=adeno-reads100.fasta.000000322;unique;pairScore=94;split;cigar=58M3D6M1D19M1D17M
gi|9632547|ref|NC_002077.1|	razers	read	1332	1434	100	-	.	ID=adeno-reads100.fasta.000000326;unique;pairScore=98;split;cigar=51M3D49M
gi|9632547|ref|NC_002077.1|	razers	read	3464	3564	100	-	.	ID=adeno-reads100.fasta.000000327;unique;pairScore=98;split;cigar=46M1D54M
gi|9632547|ref|NC_002077.1|	razers	read	3330	3428	100	-	.	ID=adeno-reads100.fasta.000000338;unique;pairScore=97;split;cigar=33M1I66M;mutations=34G
gi|9632547|ref|NC_002077.1|	razers	read	4063	4163	98	-	.	ID=adeno-reads100.fasta.000000342;unique;pairScore=94;split;cigar=4M1D72M1I3M1D20M;mutations=77G
gi|9632547|ref|NC_002077.1|	razers	read	1343	1445	99	-	.	ID=adeno-reads100.fasta.000000346;unique;pairScore=96;split;cigar=62M3D38M;mutations=25C
gi|9632547|ref|NC_002077.1|	razers	read	2130	2230	99	-	.	ID=adeno-reads100.fasta.000000348;unique;pairScore=96;split;cigar=49M1D51M;mutations=95T
gi|9632547|ref|NC_002077.1|	razers	read	1880	1980	99	-	.	ID=adeno-reads100.fasta.000000360;unique;pairScore=96;cigar=80M18M1D2M
gi|9632547|ref|NC_002077.1|	razers	read	4447	4547	100	-	.	ID=adeno-reads100.fasta.000000363;unique;pairScore=98;split;cigar=40M1D60M
gi|9632547|ref|NC_002077.1|	razers	read	2194	2292	100	-	.	ID=adeno-reads100.fasta.000000364;unique;pairScore=97;split;cigar=39M1I60M;mutations=40N
gi|9632547|ref|NC_002077.1|	razers	read	1046	1144	99	-	.	ID=adeno-reads100.fasta.000000384;unique;pairScore=96;cigar=15M1I64M20M;mutations=16T
gi|9632547|ref|NC_002077.1|	razers	read	2944	3039	100	-	.	ID=adeno-reads100.fasta.000000389;unique;pairScore=94;split;cigar=23M4I73M;mutations=24C,25A,26G,27C
gi|9632547|ref|NC_002077.1|	razers	read	20	4712	98	-	.	ID=adeno-reads100.fasta.000000394;unique;pairScore=94;split;cigar=80M4593D20M;mutations=18C,41A
gi|9632547|ref|NC_002077.1|	razers	read	1257	1358	99	-	.	ID=adeno-reads100.fasta.000000402;unique;pairScore=96;split;cigar=5M1D45M1D50M
gi|9632547|ref|NC_002077.1|	razers	read	3801	3901	99	-	.	ID=adeno-reads100.fasta.000000429;unique;pairScore=96;cigar=11M1D69M20M
gi|9632547|ref|NC_002077.1|	razers	read	2099	2199	98	-	.	ID=adeno-reads100.fasta.000000438;unique;pairScore=94;cigar=1M1D79M20M;mutations=64T
gi|9632547|ref|NC_002077.1|	razers	read	3610	3708	97	-	.	ID=adeno-reads100.fasta.000000441;unique;pairScore=92;cigar=80M7M1I12M;mutations=8N,48C,88A
gi|9632547|ref|NC_002077.1|	razers	read	3732	3830	100	-	.	ID=adeno-reads100.fasta.000000446;unique;pairScore=97;split;cigar=22M1I77M;mutations=23A
gi|9632547|ref|NC_002077.1|	razers	read	1027	1127	99	-	.	ID=adeno-reads100.fasta.000000492;unique;pairScore=96;cigar=80M9M1D11M
gi|9632547|ref|NC_002077.1|	razers	read	1396	1496	100	-	.	ID=adeno-reads100.fasta.000000496;unique;pairScore=98;split;cigar=48M1D52M
gi|9632547|ref|NC_002077.1|	razers	read	2154	2254	99	-	.	ID=adeno-reads100.fasta.000000509;multi;pairScore=96;split;cigar=50M1D50M;mutations=8T
gi|9632547|ref|NC_002077.1|	razers	read	2154	2254	99	-	.	ID=adeno-reads100.fasta.000000509;multi;pairScore=96;split;cigar=50M1D50M;mutations=8T
gi|9632547|ref|NC_002077.1|	razers	read	2972	3067	100	-	.	ID=adeno-reads100.fasta.000000514;unique;pairScore=94;split;cigar=51M4I45M;mutations=52C,53A,54G,55C
gi|9632547|ref|NC_002077.1|	razers	read	18	4710	98	-	.	ID=adeno-reads100.fasta.000000519;unique;pairScore=94;split;cigar=80M4593D20M;mutations=4G,39A
gi|9632547|ref|NC_002077.1|	razers	read	3253	3353	100	-	.	ID=adeno-reads100.fasta.000000536;unique;pairScore=98;split;cigar=39M1D61M
gi|9632547|ref|NC_002077.1|	razers	read	3732	3832	98	-	.	ID=adeno-reads100.fasta.000000578;unique;pairScore=94;cigar=80M18M1D2M;mutations=1N
gi|9632547|ref|NC_002077.1|	razers	read	3147	3247	99	-	.	ID=adeno-reads100.fasta.000000581;multi;pairScore=96;split;cigar=64M1D36M;mutations=67A
gi|9632547|ref|NC_002077.1|	razers	read	3147	3247	99	-	.	ID=adeno-reads100.fasta.000000581;multi;pairScore=96;split;cigar=64M1D36M;mutations=67A
gi|9632547|ref|NC_002077.1|	razers	read	19	4711	98	-	.	ID=adeno-reads100.fasta.000000589;unique;pairScore=94;split;cigar=80M4593D20M;mutations=5A,40A
gi|9632547|ref|NC_002077.1|	razers	read	15	4707	97	-	.	ID=adeno-reads100.fasta.000000595;unique;pairScore=92;split;cigar=80M4593D20M;mutations=36A,52A,53G
gi|9632547|ref|NC_002077.1|	razers	read	4	4696	98	-	.	ID=adeno-reads100.fasta.000000599;unique;pairScore=94;split;cigar=80M4593D20M;mutations=18N,25A
gi|9632547|ref|NC_002077.1|	razers	read	2941	3036	100	-	.	ID=adeno-reads100.fasta.000000608;unique;pairScore=94;split;cigar=20M4I76M;mutations=21C,22A,23G,24C
gi|9632547|ref|NC_002077.1|	razers	read	2216	2316	99	-	.	ID=adeno-reads100.fasta.000000616;unique;pairScore=96;split;cigar=56M1D44M;mutations=3A
gi|9632547|ref|NC_002077.1|	razers	read	4595	4693	97.9798	-	.	ID=adeno-reads100.fasta.000000618;multi;pairScore=93;split;cigar=50M1I49M;mutations=22A,51N,60C
gi|9632547|ref|NC_002077.1|	razers	read	2	100	97.9798	-	.	ID=adeno-reads100.fasta.000000618;multi;pairScore=93;split;cigar=50M1I49M;mutations=22A,51N,60C
gi|9632547|ref|NC_002077.1|	razers	read	2	4693	97	-	.	ID=adeno-reads100.fasta.000000618;suboptimal;pairScore=92;split;cigar=50M1I29M4593D20M;mutations=22A,51N,60C
gi|9632547|ref|NC_002077.1|	razers	read	2987	3082	100	-	.	ID=adeno-reads100.fasta.000000620;multi;pairScore=94;split;cigar=66M4I30M;mutations=67C,68A,69G,70C
gi|9632547|ref|NC_002077.1|	razers	read	2987	3082	100	-	.	ID=adeno-reads100.fasta.000000620;multi;pairScore=94;split;cigar=66M4I30M;mutations=67C,68A,69G,70C
gi|9632547|ref|NC_002077.1|	razers	read	1324	1428	98	-	.	ID=adeno-reads100.fasta.000000627;unique;pairScore=94;split;cigar=5M1D23M1D15M3D57M
gi|9632547|ref|NC_002077.1|	razers	read	2845	2943	100	-	.	ID=adeno-reads100.fasta.000000637;unique;pairScore=97;split;cigar=53M1I46M;mutations=54C
gi|9632547|ref|NC_002077.1|	razers	read	2949	3043	98.9583	-	.	ID=adeno-reads100.fasta.000000662;unique;pairScore=92;split;cigar=27M4I62M1I6M;mutations=28C,29A,30G,31C,94C
gi|9632547|ref|NC_002077.1|	razers	read	669	769	99	-	.	ID=adeno-reads100.fasta.000000664;unique;pairScore=96;cigar=3M1D77M20M
gi|9632547|ref|NC_002077.1|	razers	read	4536	4636	99	-	.	ID=adeno-reads100.fasta.000000671;unique;pairScore=96;cigar=80M17M1D3M
gi|9632547|ref|NC_002077.1|	razers	read	1924	2024	100	-	.	ID=adeno-reads100.fasta.000000682;unique;pairScore=98;split;cigar=58M1D42M
gi|9632547|ref|NC_002077.1|	razers	read	2633	2731	97.9798	-	.	ID=adeno-reads100.fasta.000000691;unique;pairScore=93;split;cigar=59M1I40M;mutations=22G,43C,60N
gi|9632547|ref|NC_002077.1|	razers	read	4267	4367	99	-	.	ID=adeno-reads100.fasta.000000696;multi;pairScore=96;split;cigar=35M1D65M;mutations=29N
gi|9632547|ref|NC_002077.1|	razers	read	4267	4367	99	-	.	ID=adeno-reads100.fasta.000000696;multi;pairScore=96;split;cigar=35M1D65M;mutations=29N
gi|9632547|ref|NC_002077.1|	razers	read	1302	1404	99	-	.	ID=adeno-reads100.fasta.000000700;unique;pairScore=96;split;cigar=21M3D79M;mutations=87C
gi|9632547|ref|NC_002077.1|	razers	read	1551	1649	97	-	.	ID=adeno-reads100.fasta.000000702;unique;pairScore=92;cigar=80M16M1I3M;mutations=12C,55G,97A
gi|9632547|ref|NC_002077.1|	razers	read	3372	3472	100	-	.	ID=adeno-reads100.fasta.000000718;unique;pairScore=98;split;cigar=58M1D42M
gi|9632547|ref|NC_002077.1|	razers	read	4317	4417	99	-	.	ID=adeno-reads100.fasta.000000728;unique;pairScore=96;split;cigar=51M1D49M;mutations=14G
gi|9632547|ref|NC_002077.1|	razers	read	2019	2119	100	-	.	ID=adeno-reads100.fasta.000000766;unique;pairScore=98;split;cigar=56M1D44M
gi|9632547|ref|NC_002077.1|	razers	read	1327	1429	100	-	.	ID=adeno-reads100.fasta.000000780;unique;pairScore=98;split;cigar=46M3D54M
gi|9632547|ref|NC_002077.1|	razers	read	924	1022	99	-	.	ID=adeno-reads100.fasta.000000786;multi;pairScore=96;cigar=12M1I67M20M;mutations=13N
gi|9632547|ref|NC_002077.1|	razers	read	924	1022	99	-	.	ID=adeno-reads100.fasta.000000786;multi;pairScore=96;cigar=12M1I67M20M;mutations=13N
gi|9632547|ref|NC_002077.1|	razers	read	2983	3078	100	-	.	ID=adeno-reads100.fasta.000000787;unique;pairScore=94;split;cigar=62M4I34M;mutations=63C,64A,65G,66C
gi|9632547|ref|NC_002077.1|	razers	read	630	728	99	-	.	ID=adeno-reads100.fasta.000000790;unique;pairScore=96;cigar=80M1M1I18M;mutations=82G
gi|9632547|ref|NC_002077.1|	razers	read	662	762	99	-	.	ID=adeno-reads100.fasta.000000796;unique;pairScore=96;cigar=5M1D75M20M
gi|9632547|ref|NC_002077.1|	razers	read	2954	3049	100	-	.	ID=adeno-reads100.fasta.000000801;unique;pairScore=94;split;cigar=33M4I63M;mutations=34C,35A,36G,37C
gi|9632547|ref|NC_002077.1|	razers	read	1321	1423	100	-	.	ID=adeno-reads100.fasta.000000822;unique;pairScore=98;split;cigar=40M3D60M
gi|9632547|ref|NC_002077.1|	razers	read	2958	3053	100	-	.	ID=adeno-reads100.fasta.000000832;unique;pairScore=94;split;cigar=37M4I59M;mutations=38C,39A,40G,41C
gi|9632547|ref|NC_002077.1|	razers	read	2389	2489	97	-	.	ID=adeno-reads100.fasta.000000836;unique;pairScore=92;cigar=80M7M1D13M;mutations=54A,75G
gi|9632547|ref|NC_002077.1|	razers	read	3421	3521	100	-	.	ID=adeno-reads100.fasta.000000840;unique;pairScore=98;split;cigar=48M1D52M
gi|9632547|ref|NC_002077.1|	razers	read	4528	4628	99	-	.	ID=adeno-reads100.fasta.000000843;unique;pairScore=96;cigar=18M1D62M20M
gi|9632547|ref|NC_002077.1|	razers	read	2618	2718	98	-	.	ID=adeno-reads100.fasta.000000849;multi;pairScore=94;cigar=11M1D69M20M;mutations=29C
gi|9632547|ref|NC_002077.1|	razers	read	2618	2718	98	-	.	ID=adeno-reads100.fasta.000000849;multi;pairScore=94;cigar=11M1D69M20M;mutations=29C
gi|9632547|ref|NC_002077.1|	razers	read	4289	4387	100	-	.	ID=adeno-reads100.fasta.000000852;unique;pairScore=97;split;cigar=39M1I60M;mutations=40A
gi|9632547|ref|NC_002077.1|	razers	read	2010	2110	99	-	.	ID=adeno-reads100.fasta.000000863;unique;pairScore=96;cigar=6M1D74M20M
gi|9632547|ref|NC_002077.1|	razers	read	2012	2112	99	-	.	ID=adeno-reads100.fasta.000000870;unique;pairScore=96;split;cigar=55M1D45M;mutations=48A
gi|9632547|ref|NC_002077.1|	razers	read	2782	2880	99	-	.	ID=adeno-reads100.fasta.000000872;unique;pairScore=96;cigar=80M12M1I7M;mutations=93C
gi|9632547|ref|NC_002077.1|	razers	read	1349	1451	99	-	.	ID=adeno-reads100.fasta.000000900;unique;pairScore=96;split;cigar=68M3D32M;mutations=25T
gi|9632547|ref|NC_002077.1|	razers	read	2836	2934	99	-	.	ID=adeno-reads100.fasta.000000908;unique;pairScore=96;cigar=2M1I77M20M;mutations=3A
gi|9632547|ref|NC_002077.1|	razers	read	3213	3311	97	-	.	ID=adeno-reads100.fasta.000000914;unique;pairScore=92;cigar=80M4M1I15M;mutations=1A,62G,85A
gi|9632547|ref|NC_002077.1|	razers	read	3529	3629	100	-	.	ID=adeno-reads100.fasta.000000920;unique;pairScore=98;split;cigar=54M1D46M
gi|9632547|ref|NC_002077.1|	razers	read	2691	2791	99	-	.	ID=adeno-reads100.fasta.000000934;unique;pairScore=96;cigar=80M10M1D10M
gi|9632547|ref|NC_002077.1|	razers	read	2098	2196	98	-	.	ID=adeno-reads100.fasta.000000973;unique;pairScore=94;cigar=2M1I77M20M;mutations=3T,63T
gi|9632547|ref|NC_002077.1|	razers	read	3373	3471	99	-	.	ID=adeno-reads100.fasta.000000986;unique;pairScore=96;cigar=80M5M1I14M;mutations=86N
gi|9632547|ref|NC_002077.1|	razers	read	4601	4701	98	-	.	ID=adeno-reads100.fasta.000000989;multi;pairScore=94;split;cigar=63M1D37M;mutations=17A,30A
gi|9632547|ref|NC_002077.1|	razers	read	8	108	98	-	.	ID=adeno-reads100.fasta.000000989;multi;pairScore=94;split;cigar=63M1D37M;mutations=17A,30A
gi|9632547|ref|NC_002077.1|	razers	read	8	4701	98	-	.	ID=adeno-reads100.fasta.000000989;multi;pairScore=94;split;cigar=63M4594D37M;mutations=17A,30A
gi|9632547|ref|NC_002077.1|	razers	read	592	690	99	-	.	ID=adeno-reads100.fasta.000000996;unique;pairScore=96;cigar=15M1I64M20M;mutations=16A
