SeqCons
=======

__OPTIONS____________________________________________________________________

VERBOSITY              	NORMAL
OPERATION              	contig-wise MSA + consensus

INPUT FILE             	alns1.sam
OUTPUT READS           	alns1.contig_consensus.txt
OUTPUT CONSENSUS       	

OVERLAP MIN LENGTH     	20
OVERLAP MAX ERR-RATE   	5
OVERLAP MIN COUNT      	3
OVERLAP WINDOW SIZE    	20

K-MER SIZE             	20
K-MER MAX OCCURENCES   	200

REALIGNMENT BANDWIDTH  	10
REALIGNMENT ENVIRONMENT	20

__LOADING DATA_______________________________________________________________

  Loading alignments from alns1.sam...OK

__COMPUTATION________________________________________________________________

Performing consensus computation... OK
Performing realignment... OK

__WRITING RESULT_____________________________________________________________

Writing alignments to alns1.contig_consensus.txt ... OK

Overall time: 0.997346 s

Done.  Have a nice day.
