Loading genome:			7.51019e-05 sec
Building genome index:		0.00240088 sec
Dumping genome index:		0.013366 sec
