./generate_outputs.sh: 45: ./generate_outputs.sh: ../../../../../build/debug/bin/stellar: not found
