I/O options:
  database file   : adeno.fa
  query file      : adeno_modified_reads_joinedMates.fa
  alphabet        : dna5
  output file     : stellar_joinedMates_l30.gff
  output format   : gff

User specified parameters:
  minimal match length             : 30
  maximal error rate (epsilon)     : 0.05
  maximal x-drop                   : 5
  search forward strand            : yes
  search reverse complement        : yes

  verification strategy            : exact
  maximal number of matches        : 50
  duplicate removal every          : 500

Calculated parameters:
  k-mer length : 13
  s^min        : 13
  threshold    : 2
  distance cut : 40
  delta        : 16
  overlap      : 2

Loaded 1 query sequence.
Loaded 1 database sequence.

All matches matches resulting from your search have an E-value of: 
        3.62669e-09 or smaller  (match score = 1, error penalty = -2)

Constructing index...

Aligning all query sequences to database sequence...
  gi|9632547|ref|NC_002077.1| Adeno-associated virus - 1, complete genome
  gi|9632547|ref|NC_002077.1| Adeno-associated virus - 1, complete genome, complement

# Eps-matches     : 6
